
> bar123-history-sync-extension@1.0.0 test
> node test/cross-platform-sync-test.js

🧪 Starting multiplatform sync validation tests...
🧪 Testing Chrome extension exists...
✅ Chrome Extension Structure: PASSED
🧪 Testing Safari extension enhancement...
✅ Safari Extension Enhancement: PASSED
🧪 Testing package.json updates...
✅ Package JSON Updates: PASSED
🧪 Testing GitHub workflows...
❌ GitHub Workflows: FAILED
💾 Results saved to test-results/sync/test-results.json

📊 Test Summary:
   Total: 4
   Passed: 3
   Failed: 1
